 Function_Overloading

 Timestamp is 60d7ad64 (Sun Jun 27 00:42:44 2021)

 Preferred load address is 00400000

 Start         Length     Name                   Class
 0001:00000000 00010000H .textbss                DATA
 0002:00000000 000057e6H .text$mn                CODE
 0003:00000000 00000104H .CRT$XCA                DATA
 0003:00000104 00000104H .CRT$XCAA               DATA
 0003:00000208 00000104H .CRT$XCZ                DATA
 0003:0000030c 00000104H .CRT$XIA                DATA
 0003:00000410 00000104H .CRT$XIAA               DATA
 0003:00000514 00000104H .CRT$XIAC               DATA
 0003:00000618 00000104H .CRT$XIZ                DATA
 0003:0000071c 00000104H .CRT$XPA                DATA
 0003:00000820 00000104H .CRT$XPZ                DATA
 0003:00000924 00000104H .CRT$XTA                DATA
 0003:00000a28 00000108H .CRT$XTZ                DATA
 0003:00000b30 00000c50H .rdata                  DATA
 0003:00001780 00000104H .rdata$CastGuardVftablesA DATA
 0003:00001884 00000104H .rdata$CastGuardVftablesC DATA
 0003:00001988 00000184H .rdata$zzzdbg           DATA
 0003:00001b0c 00000104H .rtc$IAA                DATA
 0003:00001c10 0000010cH .rtc$IMZ                DATA
 0003:00001d1c 00000104H .rtc$IZZ                DATA
 0003:00001e20 00000104H .rtc$TAA                DATA
 0003:00001f24 0000010cH .rtc$TMZ                DATA
 0003:00002030 00000108H .rtc$TZZ                DATA
 0003:00002138 00000169H .xdata$x                DATA
 0003:000022a1 00000000H .edata                  DATA
 0004:00000000 00000140H .data                   DATA
 0004:00000140 00000464H .bss                    DATA
 0005:00000000 000001bcH .idata$5                DATA
 0005:000001bc 0000003cH .idata$2                DATA
 0005:000001f8 00000014H .idata$3                DATA
 0005:0000020c 000001bcH .idata$4                DATA
 0005:000003c8 000006d5H .idata$6                DATA
 0006:00000000 00000178H .msvcjmc                DATA
 0007:00000000 00000109H .00cfg                  DATA
 0008:00000000 00000170H .rsrc$01                DATA
 0008:00000170 000002ccH .rsrc$02                DATA

  Address         Publics by Value              Rva+Base       Lib:Object

 0000:00000000       ___hybrid_auxiliary_iat_copy 00000000     <absolute>
 0000:00000000       ___x64_code_ranges_to_entry_points_count 00000000     <absolute>
 0000:00000000       ___guard_longjmp_table     00000000     <absolute>
 0000:00000000       ___safe_se_handler_table   00000000     <absolute>
 0000:00000000       ___volatile_metadata       00000000     <absolute>
 0000:00000000       ___arm64x_extra_rfe_table  00000000     <absolute>
 0000:00000000       ___arm64x_redirection_metadata 00000000     <absolute>
 0000:00000000       ___guard_iat_table         00000000     <absolute>
 0000:00000000       ___guard_iat_count         00000000     <absolute>
 0000:00000000       ___guard_eh_cont_count     00000000     <absolute>
 0000:00000000       ___hybrid_code_map_count   00000000     <absolute>
 0000:00000000       ___safe_se_handler_count   00000000     <absolute>
 0000:00000000       ___x64_code_ranges_to_entry_points 00000000     <absolute>
 0000:00000000       ___guard_fids_count        00000000     <absolute>
 0000:00000000       ___arm64x_native_entrypoint 00000000     <absolute>
 0000:00000000       ___guard_longjmp_count     00000000     <absolute>
 0000:00000000       ___guard_fids_table        00000000     <absolute>
 0000:00000000       ___guard_check_icall_a64n_fptr 00000000     <absolute>
 0000:00000000       ___enclave_config          00000000     <absolute>
 0000:00000000       ___arm64x_redirection_metadata_count 00000000     <absolute>
 0000:00000000       ___AbsoluteZero            00000000     <absolute>
 0000:00000000       ___hybrid_code_map         00000000     <absolute>
 0000:00000000       ___arm64x_extra_rfe_table_size 00000000     <absolute>
 0000:00000000       ___guard_eh_cont_table     00000000     <absolute>
 0000:00000000       ___hybrid_auxiliary_iat    00000000     <absolute>
 0000:00000000       ___dynamic_value_reloc_table 00000000     <absolute>
 0000:00000100       ___guard_flags             00000100     <absolute>
 0000:00000000       ___ImageBase               00400000     <linker-defined>
 0001:00000000       __enc$textbss$begin        00401000     <linker-defined>
 0001:00010000       __enc$textbss$end          00411000     <linker-defined>
 0002:00000780       ?Add@@YAHHH@Z              00411780 f   Func.obj
 0002:000007e0       ?Mul@@YA@MM@Z              004117e0 f   Func.obj
 0002:00000850       ?Print@@YAXPBH@Z           00411850 f   Func.obj
 0002:000008a0       ?__empty_global_delete@@YAXPAX@Z 004118a0 f i Func.obj
 0002:000008f0       ?__empty_global_delete@@YAXPAXI@Z 004118f0 f i Func.obj
 0002:00000940       _Add                       00411940 f   Func.obj
 0002:000009b0       _Print                     004119b0 f   Func.obj
 0002:00000a00       __JustMyCode_Default       00411a00 f i Func.obj
 0002:00000a10       _main                      00411a10 f   main.obj
 0002:00000b40       @__CheckForDebuggerJustMyCode@4 00411b40 f   MSVCRTD:debugger_jmc.obj
 0002:00000b90       @_RTC_AllocaHelper@12      00411b90 f   MSVCRTD:stack.obj
 0002:00000bd0       @_RTC_CheckStackVars2@12   00411bd0 f   MSVCRTD:stack.obj
 0002:00000ce0       @_RTC_CheckStackVars@8     00411ce0 f   MSVCRTD:stack.obj
 0002:00000d50       __RTC_CheckEsp             00411d50 f   MSVCRTD:stack.obj
 0002:00000d90       __CRT_RTC_INIT             00411d90 f   MSVCRTD:init.obj
 0002:00000da0       __CRT_RTC_INITW            00411da0 f   MSVCRTD:init.obj
 0002:00000db0       __RTC_InitBase             00411db0 f   MSVCRTD:init.obj
 0002:00000df0       __RTC_Shutdown             00411df0 f   MSVCRTD:init.obj
 0002:00000e10       @__security_check_cookie@4 00411e10 f   MSVCRTD:secchk.obj
 0002:00001200       ?configure_argv@__scrt_narrow_argv_policy@@SAHXZ 00412200 f i MSVCRTD:exe_main.obj
 0002:00001220       ?initialize_environment@__scrt_narrow_environment_policy@@SAHXZ 00412220 f i MSVCRTD:exe_main.obj
 0002:00001280       ?set_app_type@__scrt_main_policy@@SAXXZ 00412280 f i MSVCRTD:exe_main.obj
 0002:000012a0       ?set_commode@__scrt_file_policy@@SAXXZ 004122a0 f i MSVCRTD:exe_main.obj
 0002:000012c0       ?set_fmode@__scrt_file_policy@@SAXXZ 004122c0 f i MSVCRTD:exe_main.obj
 0002:000012e0       _mainCRTStartup            004122e0 f   MSVCRTD:exe_main.obj
 0002:000013a0       ?_RTC_AllocaFailure@@YAXPAXPAU_RTC_ALLOCA_NODE@@H@Z 004123a0 f   MSVCRTD:error.obj
 0002:000014c0       ?_RTC_Failure@@YAXPAXH@Z   004124c0 f   MSVCRTD:error.obj
 0002:00001530       ?_RTC_StackFailure@@YAXPAXPBD@Z 00412530 f   MSVCRTD:error.obj
 0002:000019e0       __RTC_UninitUse            004129e0 f   MSVCRTD:error.obj
 0002:00001ac0       ___local_stdio_printf_options 00412ac0 f i MSVCRTD:error.obj
 0002:00001ad0       __vsprintf_s_l             00412ad0 f i MSVCRTD:error.obj
 0002:00001b10       _sprintf_s                 00412b10 f i MSVCRTD:error.obj
 0002:00001b40       ?_RTC_GetErrorFunc@@YAP6AHHPBDH00ZZPBX@Z 00412b40 f   MSVCRTD:userapi.obj
 0002:00001b50       ?_RTC_GetErrorFuncW@@YAP6AHHPB_WH00ZZPBX@Z 00412b50 f   MSVCRTD:userapi.obj
 0002:00001b60       __RTC_GetErrDesc           00412b60 f   MSVCRTD:userapi.obj
 0002:00001b80       __RTC_NumErrors            00412b80 f   MSVCRTD:userapi.obj
 0002:00001b90       __RTC_SetErrorFunc         00412b90 f   MSVCRTD:userapi.obj
 0002:00001bc0       __RTC_SetErrorFuncW        00412bc0 f   MSVCRTD:userapi.obj
 0002:00001bf0       __RTC_SetErrorType         00412bf0 f   MSVCRTD:userapi.obj
 0002:00001c20       ___raise_securityfailure   00412c20 f   MSVCRTD:gs_report.obj
 0002:00001c60       ___report_gsfailure        00412c60 f   MSVCRTD:gs_report.obj
 0002:00001db0       ___report_rangecheckfailure 00412db0 f   MSVCRTD:gs_report.obj
 0002:00001dc0       ___report_securityfailure  00412dc0 f   MSVCRTD:gs_report.obj
 0002:00001ed0       ___report_securityfailureEx 00412ed0 f   MSVCRTD:gs_report.obj
 0002:00002180       _NtCurrentTeb              00413180 f i MSVCRTD:utility.obj
 0002:00002190       ___scrt_acquire_startup_lock 00413190 f   MSVCRTD:utility.obj
 0002:000021f0       ___scrt_dllmain_after_initialize_c 004131f0 f   MSVCRTD:utility.obj
 0002:00002230       ___scrt_dllmain_before_initialize_c 00413230 f   MSVCRTD:utility.obj
 0002:00002260       ___scrt_dllmain_crt_thread_attach 00413260 f   MSVCRTD:utility.obj
 0002:000022a0       ___scrt_dllmain_crt_thread_detach 004132a0 f   MSVCRTD:utility.obj
 0002:000022c0       ___scrt_dllmain_exception_filter 004132c0 f   MSVCRTD:utility.obj
 0002:00002320       ___scrt_dllmain_uninitialize_c 00413320 f   MSVCRTD:utility.obj
 0002:00002360       ___scrt_dllmain_uninitialize_critical 00413360 f   MSVCRTD:utility.obj
 0002:00002380       ___scrt_initialize_crt     00413380 f   MSVCRTD:utility.obj
 0002:000023e0       ___scrt_initialize_onexit_tables 004133e0 f   MSVCRTD:utility.obj
 0002:000024f0       ___scrt_is_nonwritable_in_current_image 004134f0 f   MSVCRTD:utility.obj
 0002:00002670       ___scrt_release_startup_lock 00413670 f   MSVCRTD:utility.obj
 0002:000026a0       ___scrt_uninitialize_crt   004136a0 f   MSVCRTD:utility.obj
 0002:000026f0       __onexit                   004136f0 f   MSVCRTD:utility.obj
 0002:00002770       _at_quick_exit             00413770 f   MSVCRTD:utility.obj
 0002:000027c0       _atexit                    004137c0 f   MSVCRTD:utility.obj
 0002:00002890       ___security_init_cookie    00413890 f   MSVCRTD:gs_support.obj
 0002:00002930       __matherr                  00413930 f   MSVCRTD:matherr.obj
 0002:00002940       __get_startup_argv_mode    00413940 f   MSVCRTD:argv_mode.obj
 0002:00002950       __get_startup_commit_mode  00413950 f   MSVCRTD:commit_mode.obj
 0002:00002960       __get_startup_file_mode    00413960 f   MSVCRTD:file_mode.obj
 0002:00002970       __get_startup_new_mode     00413970 f   MSVCRTD:new_mode.obj
 0002:00002980       __get_startup_thread_locale_mode 00413980 f   MSVCRTD:thread_locale.obj
 0002:00002990       ?__scrt_initialize_type_info@@YAXXZ 00413990 f   MSVCRTD:tncleanup.obj
 0002:000029b0       ?__scrt_uninitialize_type_info@@YAXXZ 004139b0 f   MSVCRTD:tncleanup.obj
 0002:000029d0       __should_initialize_environment 004139d0 f   MSVCRTD:env_mode.obj
 0002:000029e0       __initialize_default_precision 004139e0 f   MSVCRTD:default_precision.obj
 0002:00002a10       __initialize_invalid_parameter_handler 00413a10 f   MSVCRTD:invalid_parameter_handler.obj
 0002:00002a20       __initialize_denormal_control 00413a20 f   MSVCRTD:denormal_control.obj
 0002:00002a30       ___local_stdio_scanf_options 00413a30 f i MSVCRTD:default_local_stdio_options.obj
 0002:00002a40       ___scrt_initialize_default_local_stdio_options 00413a40 f   MSVCRTD:default_local_stdio_options.obj
 0002:00002a90       ___scrt_is_user_matherr_present 00413a90 f   MSVCRTD:matherr_detection.obj
 0002:00002ac0       ___scrt_get_dyn_tls_init_callback 00413ac0 f   MSVCRTD:dyn_tls_init.obj
 0002:00002ad0       ___scrt_get_dyn_tls_dtor_callback 00413ad0 f   MSVCRTD:dyn_tls_dtor.obj
 0002:00002ae0       ___scrt_fastfail           00413ae0 f   MSVCRTD:utility_desktop.obj
 0002:00002c70       ___scrt_get_show_window_mode 00413c70 f   MSVCRTD:utility_desktop.obj
 0002:00002cc0       ___scrt_initialize_mta     00413cc0 f   MSVCRTD:utility_desktop.obj
 0002:00002cd0       ___scrt_initialize_winrt   00413cd0 f   MSVCRTD:utility_desktop.obj
 0002:00002ce0       ___scrt_is_managed_app     00413ce0 f   MSVCRTD:utility_desktop.obj
 0002:00002d90       ___scrt_set_unhandled_exception_filter 00413d90 f   MSVCRTD:utility_desktop.obj
 0002:00002db0       ___scrt_exe_initialize_mta 00413db0 f   MSVCRTD:utility_desktop.obj
 0002:00002db0       ___scrt_stub_for_initialize_mta 00413db0 f   MSVCRTD:utility_desktop.obj
 0002:00002dc0       ___scrt_unhandled_exception_filter@4 00413dc0 f   MSVCRTD:utility_desktop.obj
 0002:00002e60       __crt_debugger_hook        00413e60 f   MSVCRTD:utility_desktop.obj
 0002:00002e80       __RTC_Initialize           00413e80 f   MSVCRTD:initsect.obj
 0002:00002ec0       __RTC_Terminate            00413ec0 f   MSVCRTD:initsect.obj
 0002:00002f00       __except_handler4          00413f00 f   MSVCRTD:chandler4gs.obj
 0002:00002f50       @_guard_check_icall_nop@4  00413f50 f i MSVCRTD:guard_support.obj
 0002:00002f60       _ReadNoFence               00413f60 f i MSVCRTD:guard_support.obj
 0002:00002f80       _ReadPointerNoFence        00413f80 f i MSVCRTD:guard_support.obj
 0002:00002fa0       ___castguard_check_failure_debugbreak 00413fa0 f i MSVCRTD:guard_support.obj
 0002:00002fc0       ___castguard_check_failure_fastfail 00413fc0 f i MSVCRTD:guard_support.obj
 0002:00002ff0       ___castguard_check_failure_nop 00413ff0 f i MSVCRTD:guard_support.obj
 0002:00003000       ___castguard_check_failure_os_handled 00414000 f i MSVCRTD:guard_support.obj
 0002:000030a0       ___castguard_slow_path_check_debugbreak 004140a0 f i MSVCRTD:guard_support.obj
 0002:000030e0       ___castguard_slow_path_check_fastfail 004140e0 f i MSVCRTD:guard_support.obj
 0002:00003130       ___castguard_slow_path_check_nop 00414130 f i MSVCRTD:guard_support.obj
 0002:00003140       ___castguard_slow_path_check_os_handled 00414140 f i MSVCRTD:guard_support.obj
 0002:00003200       __guard_icall_checks_enforced 00414200 f i MSVCRTD:guard_support.obj
 0002:000037d0       ?_RTC_GetSrcLine@@YAHPAEPA_WKPAH1K@Z 004147d0 f   MSVCRTD:pdblkup.obj
 0002:00003c30       __except_handler4_noexcept 00414c30 f   MSVCRTD:chandler4_noexcept.obj
 0002:00003cb0       ___isa_available_init      00414cb0 f   MSVCRTD:cpu_disp.obj
 0002:000040b0       ___scrt_is_ucrt_dll_in_use 004150b0 f   MSVCRTD:ucrt_detection.obj
 0002:000040dd       ___std_type_info_destroy_list 004150dd f   vcruntimed:VCRUNTIME140D.dll
 0002:000040e3       ___current_exception       004150e3 f   vcruntimed:VCRUNTIME140D.dll
 0002:000040e9       ___current_exception_context 004150e9 f   vcruntimed:VCRUNTIME140D.dll
 0002:000040ef       _memset                    004150ef f   vcruntimed:VCRUNTIME140D.dll
 0002:000040f5       __except_handler4_common   004150f5 f   vcruntimed:VCRUNTIME140D.dll
 0002:000040fb       ___vcrt_GetModuleFileNameW 004150fb f   vcruntimed:VCRUNTIME140D.dll
 0002:00004101       ___vcrt_GetModuleHandleW   00415101 f   vcruntimed:VCRUNTIME140D.dll
 0002:00004107       ___vcrt_LoadLibraryExW     00415107 f   vcruntimed:VCRUNTIME140D.dll
 0002:0000410d       __CrtDbgReport             0041510d f   ucrtd:ucrtbased.dll
 0002:00004113       __CrtDbgReportW            00415113 f   ucrtd:ucrtbased.dll
 0002:00004119       __seh_filter_exe           00415119 f   ucrtd:ucrtbased.dll
 0002:0000411f       __set_app_type             0041511f f   ucrtd:ucrtbased.dll
 0002:00004125       ___setusermatherr          00415125 f   ucrtd:ucrtbased.dll
 0002:0000412b       __configure_narrow_argv    0041512b f   ucrtd:ucrtbased.dll
 0002:00004131       __initialize_narrow_environment 00415131 f   ucrtd:ucrtbased.dll
 0002:00004137       __get_initial_narrow_environment 00415137 f   ucrtd:ucrtbased.dll
 0002:0000413d       __initterm                 0041513d f   ucrtd:ucrtbased.dll
 0002:00004143       __initterm_e               00415143 f   ucrtd:ucrtbased.dll
 0002:00004149       _exit                      00415149 f   ucrtd:ucrtbased.dll
 0002:0000414f       __exit                     0041514f f   ucrtd:ucrtbased.dll
 0002:00004155       __set_fmode                00415155 f   ucrtd:ucrtbased.dll
 0002:0000415b       ___p___argc                0041515b f   ucrtd:ucrtbased.dll
 0002:00004161       ___p___argv                00415161 f   ucrtd:ucrtbased.dll
 0002:00004167       __cexit                    00415167 f   ucrtd:ucrtbased.dll
 0002:0000416d       __c_exit                   0041516d f   ucrtd:ucrtbased.dll
 0002:00004173       __register_thread_local_exe_atexit_callback 00415173 f   ucrtd:ucrtbased.dll
 0002:00004179       __configthreadlocale       00415179 f   ucrtd:ucrtbased.dll
 0002:0000417f       __set_new_mode             0041517f f   ucrtd:ucrtbased.dll
 0002:00004185       ___p__commode              00415185 f   ucrtd:ucrtbased.dll
 0002:0000418b       _strcpy_s                  0041518b f   ucrtd:ucrtbased.dll
 0002:00004191       _strcat_s                  00415191 f   ucrtd:ucrtbased.dll
 0002:00004197       ___stdio_common_vsprintf_s 00415197 f   ucrtd:ucrtbased.dll
 0002:0000419d       __seh_filter_dll           0041519d f   ucrtd:ucrtbased.dll
 0002:000041a3       __initialize_onexit_table  004151a3 f   ucrtd:ucrtbased.dll
 0002:000041a9       __register_onexit_function 004151a9 f   ucrtd:ucrtbased.dll
 0002:000041af       __execute_onexit_table     004151af f   ucrtd:ucrtbased.dll
 0002:000041b5       __crt_atexit               004151b5 f   ucrtd:ucrtbased.dll
 0002:000041bb       __crt_at_quick_exit        004151bb f   ucrtd:ucrtbased.dll
 0002:000041c1       __controlfp_s              004151c1 f   ucrtd:ucrtbased.dll
 0002:000041c7       _terminate                 004151c7 f   ucrtd:ucrtbased.dll
 0002:000041cd       __wmakepath_s              004151cd f   ucrtd:ucrtbased.dll
 0002:000041d3       __wsplitpath_s             004151d3 f   ucrtd:ucrtbased.dll
 0002:000041d9       _wcscpy_s                  004151d9 f   ucrtd:ucrtbased.dll
 0002:000041df       _GetCurrentThreadId@0      004151df f   kernel32:KERNEL32.dll
 0002:000041e5       _IsDebuggerPresent@0       004151e5 f   kernel32:KERNEL32.dll
 0002:000041eb       _RaiseException@16         004151eb f   kernel32:KERNEL32.dll
 0002:000041f1       _MultiByteToWideChar@24    004151f1 f   kernel32:KERNEL32.dll
 0002:000041f7       _WideCharToMultiByte@32    004151f7 f   kernel32:KERNEL32.dll
 0002:000041fd       _UnhandledExceptionFilter@4 004151fd f   kernel32:KERNEL32.dll
 0002:00004203       _SetUnhandledExceptionFilter@4 00415203 f   kernel32:KERNEL32.dll
 0002:00004209       _GetCurrentProcess@0       00415209 f   kernel32:KERNEL32.dll
 0002:0000420f       _TerminateProcess@8        0041520f f   kernel32:KERNEL32.dll
 0002:00004215       _IsProcessorFeaturePresent@4 00415215 f   kernel32:KERNEL32.dll
 0002:0000421b       _QueryPerformanceCounter@4 0041521b f   kernel32:KERNEL32.dll
 0002:00004221       _GetCurrentProcessId@0     00415221 f   kernel32:KERNEL32.dll
 0002:00004227       _GetSystemTimeAsFileTime@4 00415227 f   kernel32:KERNEL32.dll
 0002:0000422d       _InitializeSListHead@4     0041522d f   kernel32:KERNEL32.dll
 0002:00004233       _GetStartupInfoW@4         00415233 f   kernel32:KERNEL32.dll
 0002:00004239       _GetModuleHandleW@4        00415239 f   kernel32:KERNEL32.dll
 0002:0000423f       _GetLastError@0            0041523f f   kernel32:KERNEL32.dll
 0002:00004245       _HeapAlloc@12              00415245 f   kernel32:KERNEL32.dll
 0002:0000424b       _HeapFree@12               0041524b f   kernel32:KERNEL32.dll
 0002:00004251       _GetProcessHeap@0          00415251 f   kernel32:KERNEL32.dll
 0002:00004257       _VirtualQuery@12           00415257 f   kernel32:KERNEL32.dll
 0002:0000425d       _FreeLibrary@4             0041525d f   kernel32:KERNEL32.dll
 0002:00004263       _GetProcAddress@8          00415263 f   kernel32:KERNEL32.dll
 0002:00004270       ___scrt_stub_for_acrt_initialize 00415270 f   MSVCRTD:ucrt_stubs.obj
 0002:00004270       ___vcrt_initialize         00415270 f   MSVCRTD:ucrt_stubs.obj
 0002:00004270       ___acrt_initialize         00415270 f   MSVCRTD:ucrt_stubs.obj
 0002:00004280       ___acrt_thread_attach      00415280 f   MSVCRTD:ucrt_stubs.obj
 0002:00004280       ___scrt_stub_for_acrt_thread_attach 00415280 f   MSVCRTD:ucrt_stubs.obj
 0002:00004280       ___vcrt_thread_attach      00415280 f   MSVCRTD:ucrt_stubs.obj
 0002:00004290       ___acrt_thread_detach      00415290 f   MSVCRTD:ucrt_stubs.obj
 0002:00004290       ___vcrt_thread_detach      00415290 f   MSVCRTD:ucrt_stubs.obj
 0002:00004290       ___scrt_stub_for_acrt_thread_detach 00415290 f   MSVCRTD:ucrt_stubs.obj
 0002:000042a0       ___scrt_stub_for_acrt_uninitialize 004152a0 f   MSVCRTD:ucrt_stubs.obj
 0002:000042a0       ___acrt_uninitialize       004152a0 f   MSVCRTD:ucrt_stubs.obj
 0002:000042a0       ___vcrt_uninitialize       004152a0 f   MSVCRTD:ucrt_stubs.obj
 0002:000042b0       ___scrt_stub_for_acrt_uninitialize_critical 004152b0 f   MSVCRTD:ucrt_stubs.obj
 0002:000042b0       ___acrt_uninitialize_critical 004152b0 f   MSVCRTD:ucrt_stubs.obj
 0002:000042b0       ___vcrt_uninitialize_critical 004152b0 f   MSVCRTD:ucrt_stubs.obj
 0002:000042c0       ___scrt_stub_for_is_c_termination_complete 004152c0 f   MSVCRTD:ucrt_stubs.obj
 0002:000042c0       __is_c_termination_complete 004152c0 f   MSVCRTD:ucrt_stubs.obj
 0002:000042d0       __filter_x86_sse2_floating_point_exception_default 004152d0 f   MSVCRTD:x86_exception_filter.obj
 0002:000042d0       __filter_x86_sse2_floating_point_exception 004152d0 f   MSVCRTD:x86_exception_filter.obj
 0003:00000000       ___xc_a                    00417000     MSVCRTD:initializers.obj
 0003:00000208       ___xc_z                    00417208     MSVCRTD:initializers.obj
 0003:0000030c       ___xi_a                    0041730c     MSVCRTD:initializers.obj
 0003:00000618       ___xi_z                    00417618     MSVCRTD:initializers.obj
 0003:0000071c       ___xp_a                    0041771c     MSVCRTD:initializers.obj
 0003:00000820       ___xp_z                    00417820     MSVCRTD:initializers.obj
 0003:00000924       ___xt_a                    00417924     MSVCRTD:initializers.obj
 0003:00000a28       ___xt_z                    00417a28     MSVCRTD:initializers.obj
 0003:00000b30       __real@4009d70a3d70a3d7    00417b30     main.obj
 0003:00000b40       __real@404b1ae147ae147b    00417b40     main.obj
 0003:00000c08       ??_C@_0NN@JMPELKLB@The?5value?5of?5ESP?5was?5not?5proper@ 00417c08     MSVCRTD:error.obj
 0003:00000d18       ??_C@_0BBN@ELNNILBE@A?5cast?5to?5a?5smaller?5data?5type?5h@ 00417d18     MSVCRTD:error.obj
 0003:00000e70       ??_C@_0BN@BPOGFMJL@Stack?5memory?5was?5corrupted?$AN?6@ 00417e70     MSVCRTD:error.obj
 0003:00000e94       ??_C@_0DG@DAJCDLPN@A?5local?5variable?5was?5used?5befor@ 00417e94     MSVCRTD:error.obj
 0003:00000ed4       ??_C@_0CM@JMIDGKLA@Stack?5memory?5around?5_alloca?5was@ 00417ed4     MSVCRTD:error.obj
 0003:00000f08       ??_C@_0BO@CHIONIOI@Unknown?5Runtime?5Check?5Error?$AN?6@ 00417f08     MSVCRTD:error.obj
 0003:00000f30       ??_C@_1GM@CNOOJIHC@?$AAR?$AAu?$AAn?$AAt?$AAi?$AAm?$AAe?$AA?5?$AAC?$AAh?$AAe?$AAc?$AAk?$AA?5?$AAE@ 00417f30     MSVCRTD:error.obj
 0003:00000fb8       ??_C@_1EA@NFKNIFJP@?$AAR?$AAu?$AAn?$AA?9?$AAT?$AAi?$AAm?$AAe?$AA?5?$AAC?$AAh?$AAe?$AAc?$AAk?$AA?5@ 00417fb8     MSVCRTD:error.obj
 0003:00001004       ??_C@_0BB@PFFGGCJP@Unknown?5Filename@ 00418004     MSVCRTD:error.obj
 0003:00001018       ??_C@_0BE@GNBOBNCK@Unknown?5Module?5Name@ 00418018     MSVCRTD:error.obj
 0003:00001030       ??_C@_0CA@IODNCDPG@Run?9Time?5Check?5Failure?5?$CD?$CFd?5?9?5?$CFs@ 00418030     MSVCRTD:error.obj
 0003:00001058       ??_C@_0CG@IAFNJNEE@Stack?5corrupted?5near?5unknown?5va@ 00418058     MSVCRTD:error.obj
 0003:00001088       ??_C@_05MKKEDADM@?$CF?42X?5@ 00418088     MSVCRTD:error.obj
 0003:00001090       ??_C@_0EJ@LJKNEOLN@Stack?5area?5around?5_alloca?5memor@ 00418090     MSVCRTD:error.obj
 0003:000010e8       ??_C@_01EEMJAFIK@?6@       004180e8     MSVCRTD:error.obj
 0003:000010ec       ??_C@_02LLMPMKNF@?$DO?5@   004180ec     MSVCRTD:error.obj
 0003:000010f0       ??_C@_08OMAHNMHJ@?6Data?3?5?$DM@ 004180f0     MSVCRTD:error.obj
 0003:000010fc       ??_C@_0CK@DKGBICFE@?6Allocation?5number?5within?5this?5@ 004180fc     MSVCRTD:error.obj
 0003:00001130       ??_C@_07DFDJCKFN@?6Size?3?5@ 00418130     MSVCRTD:error.obj
 0003:0000113c       ??_C@_0N@MHFFIMFG@?6Address?3?50x@ 0041813c     MSVCRTD:error.obj
 0003:00001150       ??_C@_0EI@CLEPFNGI@Stack?5area?5around?5_alloca?5memor@ 00418150     MSVCRTD:error.obj
 0003:000011a8       ??_C@_0BK@ODNDAGKB@?$CFs?$CFs?$CFp?$CFs?$CFzd?$CFs?$CFd?$CFs?$CFs?$CFs?$CFs?$CFs@ 004181a8     MSVCRTD:error.obj
 0003:000011c8       ??_C@_0DE@OHJBPMBP@A?5variable?5is?5being?5used?5withou@ 004181c8     MSVCRTD:error.obj
 0003:00001220       ??_C@_0BJ@HEGAHDFO@Stack?5pointer?5corruption@ 00418220     MSVCRTD:userapi.obj
 0003:00001240       ??_C@_0CK@FEGOIOPB@Cast?5to?5smaller?5type?5causing?5lo@ 00418240     MSVCRTD:userapi.obj
 0003:00001274       ??_C@_0BI@CIGMDCBH@Stack?5memory?5corruption@ 00418274     MSVCRTD:userapi.obj
 0003:00001290       ??_C@_0CK@CNLNOEPB@Local?5variable?5used?5before?5init@ 00418290     MSVCRTD:userapi.obj
 0003:000012c4       ??_C@_0BP@OGBCLIBO@Stack?5around?5_alloca?5corrupted@ 004182c4     MSVCRTD:userapi.obj
 0003:00001350       ??_C@_1EI@MLPKHBGE@?$AAa?$AAp?$AAi?$AA?9?$AAm?$AAs?$AA?9?$AAw?$AAi?$AAn?$AA?9?$AAc?$AAo?$AAr?$AAe@ 00418350     MSVCRTD:pdblkup.obj
 0003:000013a8       ??_C@_1BK@JHLNAEJL@?$AAa?$AAd?$AAv?$AAa?$AAp?$AAi?$AA3?$AA2?$AA?4?$AAd?$AAl?$AAl@ 004183a8     MSVCRTD:pdblkup.obj
 0003:000013c8       ??_C@_0O@COHOBMLB@RegOpenKeyExW@ 004183c8     MSVCRTD:pdblkup.obj
 0003:000013d8       ??_C@_0BB@GLNAEDBD@RegQueryValueExW@ 004183d8     MSVCRTD:pdblkup.obj
 0003:000013ec       ??_C@_0M@HLOHPNFA@RegCloseKey@ 004183ec     MSVCRTD:pdblkup.obj
 0003:00001400       ??_C@_1HE@EBEAGLFB@?$AAS?$AAO?$AAF?$AAT?$AAW?$AAA?$AAR?$AAE?$AA?2?$AAW?$AAo?$AAw?$AA6?$AA4?$AA3@ 00418400     MSVCRTD:pdblkup.obj
 0003:0000148c       ??_C@_1BG@EABPBLLF@?$AAP?$AAr?$AAo?$AAd?$AAu?$AAc?$AAt?$AAD?$AAi?$AAr@ 0041848c     MSVCRTD:pdblkup.obj
 0003:000014cc       ??_C@_1BC@JINFINNJ@?$AAM?$AAS?$AAP?$AAD?$AAB?$AA1?$AA4?$AA0@ 004184cc     MSVCRTD:pdblkup.obj
 0003:000014e4       ??_C@_0BB@KCIACLNC@PDBOpenValidate5@ 004184e4     MSVCRTD:pdblkup.obj
 0003:000014f8       ??_C@_01KDCPPGHE@r@        004184f8     MSVCRTD:pdblkup.obj
 0003:00001538       __load_config_used         00418538     MSVCRTD:loadcfg.obj
 0003:00001780       ___CastGuardVftablesStart  00418780     MSVCRTD:guard_support.obj
 0003:00001884       ___CastGuardVftablesEnd    00418884     MSVCRTD:guard_support.obj
 0003:00001b0c       ___rtc_iaa                 00418b0c     MSVCRTD:initsect.obj
 0003:00001d1c       ___rtc_izz                 00418d1c     MSVCRTD:initsect.obj
 0003:00001e20       ___rtc_taa                 00418e20     MSVCRTD:initsect.obj
 0003:00002030       ___rtc_tzz                 00419030     MSVCRTD:initsect.obj
 0004:00000000       __fltused                  0041a000     MSVCRTD:fltused.obj
 0004:00000004       ___security_cookie_complement 0041a004     MSVCRTD:gs_cookie.obj
 0004:00000008       ___security_cookie         0041a008     MSVCRTD:gs_cookie.obj
 0004:00000010       ?_RTC_ErrorLevels@@3PAHA   0041a010     MSVCRTD:error.obj
 0004:00000028       ___scrt_native_dllmain_reason 0041a028     MSVCRTD:utility.obj
 0004:0000002c       ___scrt_default_matherr    0041a02c     MSVCRTD:matherr.obj
 0004:00000030       ___isa_enabled             0041a030     MSVCRTD:cpu_disp.obj
 0004:00000034       ___scrt_ucrt_dll_is_in_use 0041a034     MSVCRTD:ucrt_stubs.obj
 0004:00000148       ?_OptionsStorage@?1??__local_stdio_printf_options@@9@4_KA 0041a148     MSVCRTD:error.obj
 0004:0000051c       ___scrt_current_native_startup_state 0041a51c     MSVCRTD:utility.obj
 0004:00000520       ___scrt_native_startup_lock 0041a520     MSVCRTD:utility.obj
 0004:00000548       ?__type_info_root_node@@3U__type_info_node@@A 0041a548     MSVCRTD:tncleanup.obj
 0004:00000558       ?_OptionsStorage@?1??__local_stdio_scanf_options@@9@4_KA 0041a558     MSVCRTD:default_local_stdio_options.obj
 0004:00000564       ___scrt_debugger_hook_flag 0041a564     MSVCRTD:utility_desktop.obj
 0004:00000568       ___castguard_check_failure_os_handled_fptr 0041a568     MSVCRTD:guard_support.obj
 0004:00000574       ___isa_available           0041a574     MSVCRTD:cpu_disp.obj
 0004:00000578       ___favor                   0041a578     MSVCRTD:cpu_disp.obj
 0004:00000580       ___dyn_tls_dtor_callback   0041a580     <common>
 0004:0000058c       ___dyn_tls_init_callback   0041a58c     <common>
 0004:00000598       ___DebuggerCurrentSteppingThreadId 0041a598     <common>
 0005:00000000       __imp__GetModuleHandleW@4  0041b000     kernel32:KERNEL32.dll
 0005:00000004       __imp__IsDebuggerPresent@0 0041b004     kernel32:KERNEL32.dll
 0005:00000008       __imp__RaiseException@16   0041b008     kernel32:KERNEL32.dll
 0005:0000000c       __imp__MultiByteToWideChar@24 0041b00c     kernel32:KERNEL32.dll
 0005:00000010       __imp__WideCharToMultiByte@32 0041b010     kernel32:KERNEL32.dll
 0005:00000014       __imp__UnhandledExceptionFilter@4 0041b014     kernel32:KERNEL32.dll
 0005:00000018       __imp__SetUnhandledExceptionFilter@4 0041b018     kernel32:KERNEL32.dll
 0005:0000001c       __imp__GetCurrentProcess@0 0041b01c     kernel32:KERNEL32.dll
 0005:00000020       __imp__GetProcAddress@8    0041b020     kernel32:KERNEL32.dll
 0005:00000024       __imp__FreeLibrary@4       0041b024     kernel32:KERNEL32.dll
 0005:00000028       __imp__VirtualQuery@12     0041b028     kernel32:KERNEL32.dll
 0005:0000002c       __imp__GetProcessHeap@0    0041b02c     kernel32:KERNEL32.dll
 0005:00000030       __imp__HeapFree@12         0041b030     kernel32:KERNEL32.dll
 0005:00000034       __imp__HeapAlloc@12        0041b034     kernel32:KERNEL32.dll
 0005:00000038       __imp__GetLastError@0      0041b038     kernel32:KERNEL32.dll
 0005:0000003c       __imp__GetCurrentThreadId@0 0041b03c     kernel32:KERNEL32.dll
 0005:00000040       __imp__GetStartupInfoW@4   0041b040     kernel32:KERNEL32.dll
 0005:00000044       __imp__InitializeSListHead@4 0041b044     kernel32:KERNEL32.dll
 0005:00000048       __imp__GetSystemTimeAsFileTime@4 0041b048     kernel32:KERNEL32.dll
 0005:0000004c       __imp__GetCurrentProcessId@0 0041b04c     kernel32:KERNEL32.dll
 0005:00000050       __imp__QueryPerformanceCounter@4 0041b050     kernel32:KERNEL32.dll
 0005:00000054       __imp__IsProcessorFeaturePresent@4 0041b054     kernel32:KERNEL32.dll
 0005:00000058       __imp__TerminateProcess@8  0041b058     kernel32:KERNEL32.dll
 0005:0000005c       \177KERNEL32_NULL_THUNK_DATA 0041b05c     kernel32:KERNEL32.dll
 0005:00000098       __imp____vcrt_GetModuleFileNameW 0041b098     vcruntimed:VCRUNTIME140D.dll
 0005:0000009c       __imp___except_handler4_common 0041b09c     vcruntimed:VCRUNTIME140D.dll
 0005:000000a0       __imp__memset              0041b0a0     vcruntimed:VCRUNTIME140D.dll
 0005:000000a4       __imp____current_exception_context 0041b0a4     vcruntimed:VCRUNTIME140D.dll
 0005:000000a8       __imp____current_exception 0041b0a8     vcruntimed:VCRUNTIME140D.dll
 0005:000000ac       __imp____vcrt_GetModuleHandleW 0041b0ac     vcruntimed:VCRUNTIME140D.dll
 0005:000000b0       __imp____vcrt_LoadLibraryExW 0041b0b0     vcruntimed:VCRUNTIME140D.dll
 0005:000000b4       __imp____std_type_info_destroy_list 0041b0b4     vcruntimed:VCRUNTIME140D.dll
 0005:000000b8       \177VCRUNTIME140D_NULL_THUNK_DATA 0041b0b8     vcruntimed:VCRUNTIME140D.dll
 0005:000000e8       __imp___seh_filter_dll     0041b0e8     ucrtd:ucrtbased.dll
 0005:000000ec       __imp__strcat_s            0041b0ec     ucrtd:ucrtbased.dll
 0005:000000f0       __imp___register_onexit_function 0041b0f0     ucrtd:ucrtbased.dll
 0005:000000f4       __imp___execute_onexit_table 0041b0f4     ucrtd:ucrtbased.dll
 0005:000000f8       __imp___crt_atexit         0041b0f8     ucrtd:ucrtbased.dll
 0005:000000fc       __imp___crt_at_quick_exit  0041b0fc     ucrtd:ucrtbased.dll
 0005:00000100       __imp___controlfp_s        0041b100     ucrtd:ucrtbased.dll
 0005:00000104       __imp__terminate           0041b104     ucrtd:ucrtbased.dll
 0005:00000108       __imp___wmakepath_s        0041b108     ucrtd:ucrtbased.dll
 0005:0000010c       __imp___wsplitpath_s       0041b10c     ucrtd:ucrtbased.dll
 0005:00000110       __imp__wcscpy_s            0041b110     ucrtd:ucrtbased.dll
 0005:00000114       __imp____stdio_common_vsprintf_s 0041b114     ucrtd:ucrtbased.dll
 0005:00000118       __imp__strcpy_s            0041b118     ucrtd:ucrtbased.dll
 0005:0000011c       __imp____p__commode        0041b11c     ucrtd:ucrtbased.dll
 0005:00000120       __imp___set_new_mode       0041b120     ucrtd:ucrtbased.dll
 0005:00000124       __imp___configthreadlocale 0041b124     ucrtd:ucrtbased.dll
 0005:00000128       __imp___register_thread_local_exe_atexit_callback 0041b128     ucrtd:ucrtbased.dll
 0005:0000012c       __imp___c_exit             0041b12c     ucrtd:ucrtbased.dll
 0005:00000130       __imp___cexit              0041b130     ucrtd:ucrtbased.dll
 0005:00000134       __imp____p___argv          0041b134     ucrtd:ucrtbased.dll
 0005:00000138       __imp____p___argc          0041b138     ucrtd:ucrtbased.dll
 0005:0000013c       __imp___set_fmode          0041b13c     ucrtd:ucrtbased.dll
 0005:00000140       __imp___exit               0041b140     ucrtd:ucrtbased.dll
 0005:00000144       __imp__exit                0041b144     ucrtd:ucrtbased.dll
 0005:00000148       __imp___initterm_e         0041b148     ucrtd:ucrtbased.dll
 0005:0000014c       __imp___initterm           0041b14c     ucrtd:ucrtbased.dll
 0005:00000150       __imp___get_initial_narrow_environment 0041b150     ucrtd:ucrtbased.dll
 0005:00000154       __imp___initialize_narrow_environment 0041b154     ucrtd:ucrtbased.dll
 0005:00000158       __imp___configure_narrow_argv 0041b158     ucrtd:ucrtbased.dll
 0005:0000015c       __imp____setusermatherr    0041b15c     ucrtd:ucrtbased.dll
 0005:00000160       __imp___set_app_type       0041b160     ucrtd:ucrtbased.dll
 0005:00000164       __imp___seh_filter_exe     0041b164     ucrtd:ucrtbased.dll
 0005:00000168       __imp___CrtDbgReportW      0041b168     ucrtd:ucrtbased.dll
 0005:0000016c       __imp___CrtDbgReport       0041b16c     ucrtd:ucrtbased.dll
 0005:00000170       __imp___initialize_onexit_table 0041b170     ucrtd:ucrtbased.dll
 0005:00000174       \177ucrtbased_NULL_THUNK_DATA 0041b174     ucrtd:ucrtbased.dll
 0005:000001bc       __IMPORT_DESCRIPTOR_VCRUNTIME140D 0041b1bc     vcruntimed:VCRUNTIME140D.dll
 0005:000001d0       __IMPORT_DESCRIPTOR_ucrtbased 0041b1d0     ucrtd:ucrtbased.dll
 0005:000001e4       __IMPORT_DESCRIPTOR_KERNEL32 0041b1e4     kernel32:KERNEL32.dll
 0005:000001f8       __NULL_IMPORT_DESCRIPTOR   0041b1f8     vcruntimed:VCRUNTIME140D.dll
 0007:00000000       ___guard_check_icall_fptr  0041d000     MSVCRTD:guard_support.obj
 0007:00000004       ___guard_xfg_check_icall_fptr 0041d004     MSVCRTD:guard_support.obj

 entry point at        0002:00000023

 Static symbols

 0000:fffe0000       .debug$S                   00400000     ucrtd:ucrtbased.dll
 0000:fffe0000       .debug$S                   00400000     ucrtd:ucrtbased.dll
 0000:fffe0000       .debug$S                   00400000     ucrtd:ucrtbased.dll
 0000:fffe0000       .debug$S                   00400000     ucrtd:ucrtbased.dll
 0000:fffe0000       .debug$S                   00400000     ucrtd:ucrtbased.dll
 0000:fffe0000       .debug$S                   00400000     ucrtd:ucrtbased.dll
 0000:fffe0000       .debug$S                   00400000     ucrtd:ucrtbased.dll
 0000:fffe0000       .debug$S                   00400000     ucrtd:ucrtbased.dll
 0000:fffe0000       .debug$S                   00400000     ucrtd:ucrtbased.dll
 0000:fffe0000       .debug$S                   00400000     ucrtd:ucrtbased.dll
 0000:fffe0000       .debug$S                   00400000     ucrtd:ucrtbased.dll
 0000:fffe0000       .debug$S                   00400000     ucrtd:ucrtbased.dll
 0000:fffe0000       .debug$S                   00400000     ucrtd:ucrtbased.dll
 0000:fffe0000       .debug$S                   00400000     ucrtd:ucrtbased.dll
 0000:fffe0000       .debug$S                   00400000     ucrtd:ucrtbased.dll
 0000:fffe0000       .debug$S                   00400000     ucrtd:ucrtbased.dll
 0000:fffe0000       .debug$S                   00400000     ucrtd:ucrtbased.dll
 0000:fffe0000       .debug$S                   00400000     ucrtd:ucrtbased.dll
 0000:fffe0000       .debug$S                   00400000     ucrtd:ucrtbased.dll
 0000:fffe0000       .debug$S                   00400000     ucrtd:ucrtbased.dll
 0000:fffe0000       .debug$S                   00400000     ucrtd:ucrtbased.dll
 0000:fffe0000       .debug$S                   00400000     ucrtd:ucrtbased.dll
 0000:fffe0000       .debug$S                   00400000     ucrtd:ucrtbased.dll
 0000:fffe0000       .debug$S                   00400000     ucrtd:ucrtbased.dll
 0000:fffe0000       .debug$S                   00400000     ucrtd:ucrtbased.dll
 0000:fffe0000       .debug$S                   00400000     ucrtd:ucrtbased.dll
 0000:fffe0000       .debug$S                   00400000     ucrtd:ucrtbased.dll
 0000:fffe0000       .debug$S                   00400000     ucrtd:ucrtbased.dll
 0000:fffe0000       .debug$S                   00400000     ucrtd:ucrtbased.dll
 0000:fffe0000       .debug$S                   00400000     ucrtd:ucrtbased.dll
 0000:fffe0000       .debug$S                   00400000     ucrtd:ucrtbased.dll
 0000:fffe0000       .debug$S                   00400000     ucrtd:ucrtbased.dll
 0000:fffe0000       .debug$S                   00400000     ucrtd:ucrtbased.dll
 0000:fffe0000       .debug$S                   00400000     ucrtd:ucrtbased.dll
 0000:fffe0000       .debug$S                   00400000     ucrtd:ucrtbased.dll
 0000:fffe0000       .debug$S                   00400000     kernel32:KERNEL32.dll
 0000:fffe0000       .debug$S                   00400000     kernel32:KERNEL32.dll
 0000:fffe0000       .debug$S                   00400000     kernel32:KERNEL32.dll
 0000:fffe0000       .debug$S                   00400000     kernel32:KERNEL32.dll
 0000:fffe0000       .debug$S                   00400000     kernel32:KERNEL32.dll
 0000:fffe0000       .debug$S                   00400000     kernel32:KERNEL32.dll
 0000:fffe0000       .debug$S                   00400000     kernel32:KERNEL32.dll
 0000:fffe0000       .debug$S                   00400000     kernel32:KERNEL32.dll
 0000:fffe0000       .debug$S                   00400000     kernel32:KERNEL32.dll
 0000:fffe0000       .debug$S                   00400000     kernel32:KERNEL32.dll
 0000:fffe0000       .debug$S                   00400000     kernel32:KERNEL32.dll
 0000:fffe0000       .debug$S                   00400000     kernel32:KERNEL32.dll
 0000:fffe0000       .debug$S                   00400000     kernel32:KERNEL32.dll
 0000:fffe0000       .debug$S                   00400000     kernel32:KERNEL32.dll
 0000:fffe0000       .debug$S                   00400000     kernel32:KERNEL32.dll
 0000:fffe0000       .debug$S                   00400000     kernel32:KERNEL32.dll
 0000:fffe0000       .debug$S                   00400000     kernel32:KERNEL32.dll
 0000:fffe0000       .debug$S                   00400000     kernel32:KERNEL32.dll
 0000:fffe0000       .debug$S                   00400000     kernel32:KERNEL32.dll
 0000:fffe0000       .debug$S                   00400000     kernel32:KERNEL32.dll
 0000:fffe0000       .debug$S                   00400000     kernel32:KERNEL32.dll
 0000:fffe0000       .debug$S                   00400000     kernel32:KERNEL32.dll
 0000:fffe0000       .debug$S                   00400000     kernel32:KERNEL32.dll
 0000:fffe4000       __guard_fids___except_handler4 00400000     MSVCRTD:chandler4gs.obj
 0000:fffe4000       __guard_fids_?pre_c_initialization@@YAHXZ 00400000     MSVCRTD:exe_main.obj
 0000:fffe4000       __guard_fids__             00400000     MSVCRTD:exe_main.obj
 0000:fffe4000       __guard_fids__             00400000     MSVCRTD:guard_support.obj
 0000:fffe4000       __guard_fids__             00400000     MSVCRTD:guard_support.obj
 0000:fffe4000       __guard_fids___guard_icall_checks_enforced 00400000     MSVCRTD:guard_support.obj
 0000:fffe4000       __guard_fids___CRT_RTC_INIT 00400000     MSVCRTD:init.obj
 0000:fffe4000       __guard_fids___CRT_RTC_INITW 00400000     MSVCRTD:init.obj
 0000:fffe4000       __guard_fids____scrt_set_unhandled_exception_filter 00400000     MSVCRTD:utility_desktop.obj
 0000:fffe0000       .debug$S                   00400000     vcruntimed:VCRUNTIME140D.dll
 0000:fffe0000       .debug$S                   00400000     vcruntimed:VCRUNTIME140D.dll
 0000:fffe0000       .debug$S                   00400000     vcruntimed:VCRUNTIME140D.dll
 0000:fffe0000       .debug$S                   00400000     vcruntimed:VCRUNTIME140D.dll
 0000:fffe0000       .debug$S                   00400000     vcruntimed:VCRUNTIME140D.dll
 0000:fffe0000       .debug$S                   00400000     vcruntimed:VCRUNTIME140D.dll
 0000:fffe0000       .debug$S                   00400000     vcruntimed:VCRUNTIME140D.dll
 0000:fffe0000       .debug$S                   00400000     vcruntimed:VCRUNTIME140D.dll
 0000:fffe4004       __guard_fids__             00400004     MSVCRTD:exe_main.obj
 0000:fffe4008       __guard_fids__             00400008     MSVCRTD:exe_main.obj
 0002:00000ad4       $LN6                       00411ad4     main.obj
 0002:00000adc       $LN5                       00411adc     main.obj
 0002:00000af4       $LN4                       00411af4     main.obj
 0002:00000af6       $LN3                       00411af6     main.obj
 0002:00000e30       ?pre_c_initialization@@YAHXZ 00411e30 f   MSVCRTD:exe_main.obj
 0002:00000f10       ?post_pgo_initialization@@YAHXZ 00411f10 f   MSVCRTD:exe_main.obj
 0002:00000f20       ?pre_cpp_initialization@@YAXXZ 00411f20 f   MSVCRTD:exe_main.obj
 0002:00000f40       ?__scrt_common_main@@YAHXZ 00411f40 f   MSVCRTD:exe_main.obj
 0002:00000f60       ?__scrt_common_main_seh@@YAHXZ 00411f60 f   MSVCRTD:exe_main.obj
 0002:00001230       ?invoke_main@@YAHXZ        00412230 f   MSVCRTD:exe_main.obj
 0002:000012f0       ?DebuggerProbe@@YA_NK@Z    004122f0 f   MSVCRTD:error.obj
 0002:00001340       ?DebuggerRuntime@@YA_NKHPAXPB_W@Z 00412340 f   MSVCRTD:error.obj
 0002:00001610       ?_getMemBlockDataString@@YAXPAD0PBDI@Z 00412610 f   MSVCRTD:error.obj
 0002:000016a0       ?_strlen_priv@@YAIPBD@Z    004126a0 f   MSVCRTD:error.obj
 0002:000016c0       ?failwithmessage@@YAXPAXHHPBD@Z 004126c0 f   MSVCRTD:error.obj
 0002:00001940       ?notify_debugger@@YAXABUtagEXCEPTION_VISUALCPP_DEBUG_INFO@@@Z 00412940 f   MSVCRTD:error.obj
 0002:00002040       ?find_pe_section@@YAPAU_IMAGE_SECTION_HEADER@@QAEI@Z 00413040 f   MSVCRTD:utility.obj
 0002:000020f0       ?is_potentially_valid_image_base@@YA_NQAX@Z 004130f0 f   MSVCRTD:utility.obj
 0002:00002800       ___get_entropy             00413800 f   MSVCRTD:gs_support.obj
 0002:00003050       ___castguard_compat_check  00414050 f   MSVCRTD:guard_support.obj
 0002:000031b0       ___castguard_slow_path_compat_check 004141b0 f   MSVCRTD:guard_support.obj
 0002:00003240       ?GetPdbDll@@YAPAUHINSTANCE__@@XZ 00414240 f   MSVCRTD:pdblkup.obj
 0002:000033d0       ?GetPdbDllFromInstallPath@@YAPAUHINSTANCE__@@XZ 004143d0 f   MSVCRTD:pdblkup.obj
 0002:000036c0       ?GetPdbDllPathFromFilePath@@YAHPB_WPA_WI@Z 004146c0 f   MSVCRTD:pdblkup.obj
 0003:00000104       ?pre_cpp_initializer@@3P6AXXZA 00417104     MSVCRTD:exe_main.obj
 0003:00000410       ?pre_c_initializer@@3P6AHXZA 00417410     MSVCRTD:exe_main.obj
 0003:00000514       ?post_pgo_initializer@@3P6AHXZA 00417514     MSVCRTD:exe_main.obj
 0003:00000b4c       ?_RTC_ErrorMessages@@3QBQBDB 00417b4c     MSVCRTD:error.obj
 0003:00000b64       ?_RTC_NoFalsePositives@@3QBHB 00417b64     MSVCRTD:error.obj
 0003:00000b7c       ?stack_premsg@@3QBDB       00417b7c     MSVCRTD:error.obj
 0003:00000b98       ?stack_postmsg@@3QBDB      00417b98     MSVCRTD:error.obj
 0003:00000bac       ?uninit_premsg@@3QBDB      00417bac     MSVCRTD:error.obj
 0003:00000bbc       ?uninit_postmsg@@3QBDB     00417bbc     MSVCRTD:error.obj
 0003:00001208       ?_RTC_errlist@@3QBQBDB     00418208     MSVCRTD:userapi.obj
 0003:000012ec       _GS_ExceptionPointers      004182ec     MSVCRTD:gs_report.obj
 0003:000012f8       ?mspdbName@@3QB_WB         004182f8     MSVCRTD:pdblkup.obj
 0003:0000131c       ?debugCrtFileName@@3QB_WB  0041831c     MSVCRTD:pdblkup.obj
 0003:000014a8       ?dllExt@?1??GetPdbDllPathFromFilePath@@YAHPB_WPA_WI@Z@4QB_WB 004184a8     MSVCRTD:pdblkup.obj
 0003:000014b4       ?mspdbFilename@?1??GetPdbDllPathFromFilePath@@YAHPB_WPA_WI@Z@4QB_WB 004184b4     MSVCRTD:pdblkup.obj
 0003:00001c10       __RTC_InitBase.rtc$IMZ     00418c10     Func.obj
 0003:00001c14       __RTC_InitBase.rtc$IMZ     00418c14     main.obj
 0003:00001f24       __RTC_Shutdown.rtc$TMZ     00418f24     Func.obj
 0003:00001f28       __RTC_Shutdown.rtc$TMZ     00418f28     main.obj
 0003:00002138       __sehtable$?__scrt_common_main_seh@@YAHXZ 00419138     MSVCRTD:exe_main.obj
 0003:00002158       __sehtable$?notify_debugger@@YAXABUtagEXCEPTION_VISUALCPP_DEBUG_INFO@@@Z 00419158     MSVCRTD:error.obj
 0003:00002178       __sehtable$___scrt_is_nonwritable_in_current_image 00419178     MSVCRTD:utility.obj
 0004:00000140       ?init@?1??_RTC_InitBase@@9@4_NA 0041a140     MSVCRTD:init.obj
 0004:00000154       ?_RTC_ErrorReportFunc@@3P6AHHPBDH00ZZA 0041a154     MSVCRTD:userapi.obj
 0004:00000158       ?_RTC_ErrorReportFuncW@@3P6AHHPB_WH00ZZA 0041a158     MSVCRTD:userapi.obj
 0004:00000160       _GS_ExceptionRecord        0041a160     MSVCRTD:gs_report.obj
 0004:000001b0       _GS_ContextRecord          0041a1b0     MSVCRTD:gs_report.obj
 0004:00000524       ?is_initialized_as_dll@@3_NA 0041a524     MSVCRTD:utility.obj
 0004:00000525       ?module_local_atexit_table_initialized@@3_NA 0041a525     MSVCRTD:utility.obj
 0004:00000528       ?module_local_atexit_table@@3U_onexit_table_t@@A 0041a528     MSVCRTD:utility.obj
 0004:00000534       ?module_local_at_quick_exit_table@@3U_onexit_table_t@@A 0041a534     MSVCRTD:utility.obj
 0004:0000056c       ?mspdb@@3PAUHINSTANCE__@@A 0041a56c     MSVCRTD:pdblkup.obj
 0004:00000570       ?alreadyTried@?1??GetPdbDll@@YAPAUHINSTANCE__@@XZ@4_NA 0041a570     MSVCRTD:pdblkup.obj
 0004:00000571       ?PDBOK@?1??_RTC_GetSrcLine@@YAHPAEPA_WKPAH1K@Z@4_NA 0041a571     MSVCRTD:pdblkup.obj
 0005:0000048e       .idata$6                   0041b48e     vcruntimed:VCRUNTIME140D.dll
 0005:00000724       .idata$6                   0041b724     ucrtd:ucrtbased.dll
 0005:00000908       .idata$6                   0041b908     kernel32:KERNEL32.dll
 0006:00000000       __050D149D_vcruntime_new@h 0041c000     Func.obj
 0006:00000001       __741AE07E_corecrt_math@h  0041c001     Func.obj
 0006:00000002       __B49664B7_stdlib@h        0041c002     Func.obj
 0006:00000003       __A7C00EC3_cstdlib         0041c003     Func.obj
 0006:00000004       __A80070F2_cmath           0041c004     Func.obj
 0006:00000005       __A2143F22_corecrt_stdio_config@h 0041c005     Func.obj
 0006:00000006       __829E1958_corecrt_wstdio@h 0041c006     Func.obj
 0006:00000007       __6DFAE8B8_stdio@h         0041c007     Func.obj
 0006:00000008       __1FEB9909_corecrt_memcpy_s@h 0041c008     Func.obj
 0006:00000009       __A751F051_corecrt_memory@h 0041c009     Func.obj
 0006:0000000a       __9200769A_corecrt_wstring@h 0041c00a     Func.obj
 0006:0000000b       __32E5F013_string@h        0041c00b     Func.obj
 0006:0000000c       __C6E16F6F_corecrt_wconio@h 0041c00c     Func.obj
 0006:0000000d       __6D390390_corecrt_wio@h   0041c00d     Func.obj
 0006:0000000e       __1157D6BA_corecrt_wtime@h 0041c00e     Func.obj
 0006:0000000f       __1DC1E279_stat@h          0041c00f     Func.obj
 0006:00000010       __93DC0B45_wchar@h         0041c010     Func.obj
 0006:00000011       __EC675841_type_traits     0041c011     Func.obj
 0006:00000012       __8D1AF3BD_xutility        0041c012     Func.obj
 0006:00000013       __20BB4341_malloc@h        0041c013     Func.obj
 0006:00000014       __8D510748_vcruntime_exception@h 0041c014     Func.obj
 0006:00000015       __03633B64_exception       0041c015     Func.obj
 0006:00000016       __269E7515_limits          0041c016     Func.obj
 0006:00000017       __FA58E88B_xmemory         0041c017     Func.obj
 0006:00000018       __8E8B6E17_xstring         0041c018     Func.obj
 0006:00000019       __8A2D0139_stdexcept       0041c019     Func.obj
 0006:0000001a       __E96EC721_xcall_once@h    0041c01a     Func.obj
 0006:0000001b       __A0B61CF9_time@h          0041c01b     Func.obj
 0006:0000001c       __2EF62E5C_xthreads@h      0041c01c     Func.obj
 0006:0000001d       __4DAB29D7_atomic          0041c01d     Func.obj
 0006:0000001e       __5633D501_system_error    0041c01e     Func.obj
 0006:0000001f       __4D0512AC_vcruntime_typeinfo@h 0041c01f     Func.obj
 0006:00000020       __FDC500A4_typeinfo        0041c020     Func.obj
 0006:00000021       __9A30799B_memory          0041c021     Func.obj
 0006:00000022       __B6752E94_xfacet          0041c022     Func.obj
 0006:00000023       __B2D2BA86_ctype@h         0041c023     Func.obj
 0006:00000024       __E24CE36C_xlocinfo        0041c024     Func.obj
 0006:00000025       __51B51A26_xlocale         0041c025     Func.obj
 0006:00000026       __DBA9947F_xiosbase        0041c026     Func.obj
 0006:00000027       __CF327C31_xlocnum         0041c027     Func.obj
 0006:00000028       __BEF59FF3_ios             0041c028     Func.obj
 0006:00000029       __E49E099B_Func@cpp        0041c029     Func.obj
 0006:0000002a       __2175F5D8_istream         0041c02a     Func.obj
 0006:0000002b       __42A5C0E2_ostream         0041c02b     Func.obj
 0006:0000002c       __888DB985_streambuf       0041c02c     Func.obj
 0006:0000002d       __EA77A093_iosfwd          0041c02d     Func.obj
 0006:0000002e       __90CD8B48_utility         0041c02e     Func.obj
 0006:0000002f       __9CB644FD_iterator        0041c02f     Func.obj
 0006:00000030       __67D21C5A_xstddef         0041c030     Func.obj
 0006:00000031       __096FB7B2_xatomic@h       0041c031     Func.obj
 0006:0000003c       __050D149D_vcruntime_new@h 0041c03c     main.obj
 0006:0000003d       __741AE07E_corecrt_math@h  0041c03d     main.obj
 0006:0000003e       __B49664B7_stdlib@h        0041c03e     main.obj
 0006:0000003f       __A7C00EC3_cstdlib         0041c03f     main.obj
 0006:00000040       __A80070F2_cmath           0041c040     main.obj
 0006:00000041       __A2143F22_corecrt_stdio_config@h 0041c041     main.obj
 0006:00000042       __829E1958_corecrt_wstdio@h 0041c042     main.obj
 0006:00000043       __6DFAE8B8_stdio@h         0041c043     main.obj
 0006:00000044       __1FEB9909_corecrt_memcpy_s@h 0041c044     main.obj
 0006:00000045       __A751F051_corecrt_memory@h 0041c045     main.obj
 0006:00000046       __9200769A_corecrt_wstring@h 0041c046     main.obj
 0006:00000047       __32E5F013_string@h        0041c047     main.obj
 0006:00000048       __C6E16F6F_corecrt_wconio@h 0041c048     main.obj
 0006:00000049       __6D390390_corecrt_wio@h   0041c049     main.obj
 0006:0000004a       __1157D6BA_corecrt_wtime@h 0041c04a     main.obj
 0006:0000004b       __1DC1E279_stat@h          0041c04b     main.obj
 0006:0000004c       __93DC0B45_wchar@h         0041c04c     main.obj
 0006:0000004d       __EC675841_type_traits     0041c04d     main.obj
 0006:0000004e       __8D1AF3BD_xutility        0041c04e     main.obj
 0006:0000004f       __20BB4341_malloc@h        0041c04f     main.obj
 0006:00000050       __8D510748_vcruntime_exception@h 0041c050     main.obj
 0006:00000051       __03633B64_exception       0041c051     main.obj
 0006:00000052       __269E7515_limits          0041c052     main.obj
 0006:00000053       __FA58E88B_xmemory         0041c053     main.obj
 0006:00000054       __8E8B6E17_xstring         0041c054     main.obj
 0006:00000055       __8A2D0139_stdexcept       0041c055     main.obj
 0006:00000056       __E96EC721_xcall_once@h    0041c056     main.obj
 0006:00000057       __A0B61CF9_time@h          0041c057     main.obj
 0006:00000058       __2EF62E5C_xthreads@h      0041c058     main.obj
 0006:00000059       __4DAB29D7_atomic          0041c059     main.obj
 0006:0000005a       __5633D501_system_error    0041c05a     main.obj
 0006:0000005b       __4D0512AC_vcruntime_typeinfo@h 0041c05b     main.obj
 0006:0000005c       __FDC500A4_typeinfo        0041c05c     main.obj
 0006:0000005d       __9A30799B_memory          0041c05d     main.obj
 0006:0000005e       __B6752E94_xfacet          0041c05e     main.obj
 0006:0000005f       __B2D2BA86_ctype@h         0041c05f     main.obj
 0006:00000060       __E24CE36C_xlocinfo        0041c060     main.obj
 0006:00000061       __51B51A26_xlocale         0041c061     main.obj
 0006:00000062       __DBA9947F_xiosbase        0041c062     main.obj
 0006:00000063       __CF327C31_xlocnum         0041c063     main.obj
 0006:00000064       __BEF59FF3_ios             0041c064     main.obj
 0006:00000065       __36863B4F_main@cpp        0041c065     main.obj
 0006:00000066       __2175F5D8_istream         0041c066     main.obj
 0006:00000067       __42A5C0E2_ostream         0041c067     main.obj
 0006:00000068       __888DB985_streambuf       0041c068     main.obj
 0006:00000069       __EA77A093_iosfwd          0041c069     main.obj
 0006:0000006a       __90CD8B48_utility         0041c06a     main.obj
 0006:0000006b       __9CB644FD_iterator        0041c06b     main.obj
 0006:0000006c       __67D21C5A_xstddef         0041c06c     main.obj
 0006:0000006d       __096FB7B2_xatomic@h       0041c06d     main.obj
 0008:00000170       $R000000                   0041e170     * linker generated manifest res *
